                                                           The SAS System                          10:33 Sunday, August 24, 2025   1

                                                       The CONTENTS Procedure

         Data Set Name        DERV.LHS000101_24AUG25                                           Observations          11649
         Member Type          DATA                                                             Variables             34   
         Engine               V9                                                               Indexes               0    
         Created              08/24/2025 10:34:05                                              Observation Length    264  
         Last Modified        08/24/2025 10:34:05                                              Deleted Observations  0    
         Protection                                                                            Compressed            NO   
         Data Set Type                                                                         Sorted                YES  
         Label                DHS 2015 derived variables using child recode data on 24AUG25                               
         Data Representation  WINDOWS_32                                                                                  
         Encoding             wlatin1  Western (Windows)                                                                  


                                                 Engine/Host Dependent Information

         Data Set Page Size          65536                                                                                
         Number of Data Set Pages    48                                                                                   
         First Data Page             1                                                                                    
         Max Obs per Page            248                                                                                  
         Obs in First Data Page      227                                                                                  
         Number of Data Set Repairs  0                                                                                    
         ExtendObsCounter            YES                                                                                  
         Filename                    J:\HCHS\STATISTICS\GRAS\QAngarita\LHS\LHS0001\data\derived\lhs000101_24aug25.sas7bdat
         Release Created             9.0401M8                                                                             
         Host Created                W32_WIN+PRO                                                                          
         Owner Name                  CSCC\acquijanoa                                                                      
         File Size                   3MB                                                                                  
         File Size (bytes)           3211264                                                                              


                                            Alphabetic List of Variables and Attributes
 
           #    Variable                       Type    Len    Label

          13    age_death                      Num       8    Child's age at death in months                             
          14    age_month                      Num       8    Child's age in months at interview                         
          30    anc_quality                    Num       8    ANC quality score (0-4)                                    
          33    anc_quality_score              Num       8    Antenatal Care Quality Score                               
          34    anc_quality_score_c2           Num       8    Adequate Antenatal Care Quality Score (2 categories)       
          31    any_substance_use              Num       8    Any substance use during pregnancy                         
           3    birth_order                    Num       3    Birth order number                                         
          21    birth_order_c3                 Num       8    birth order (3 categories)                                 
          23    birth_order_spacing_c5         Num       8    Birth order and spacing (5-categories)                     
          24    birth_weight                   Num       8    Birth weight in grams                                      
          25    birth_weight_c3                Num       8    Birth weight (3 categories)                                
          10    birthid                        Num       8    Case id in DHS                                             
          16    child_sex                      Num       8    Sex of child (1=female, 0=male)                            
          12    doi                            Num       8    Date of interview                                          
          29    ethnicity_c3                   Num       8    Self-reported ethnicity (3 categories)                     
           7    hhid                           Num       8    Household id                                               
           4    is_alive                       Num       3    Child is alive                                             
          27    mage_birth_c3                  Num       8    Mother's age at child's birth (3 categories)               
          28    meduc_c3                       Num       8    Mother's education (3 categories)                          
          22    preceding_birth_interval_c3    Num       8    3-categories preceding birth interval including firstborns 
          26    preterm_birth                  Num       8    Child reported as born prematurely                         
           6    psu                            Num       8    Cluster variable                                           
           1    region                         Num       3    Region                                                     
                                                           The SAS System                          10:33 Sunday, August 24, 2025   2

                                                       The CONTENTS Procedure

                                            Alphabetic List of Variables and Attributes
 
           #    Variable                       Type    Len    Label

          20    status                         Num       8    Child survival status by age 60 months (1=survived, 0=died)
           5    strata                         Num       8    Stratification variable                                    
          17    time                           Num       8    Time to death or censoring (in years)                      
          18    time_months                    Num       8    Time to death or censoring (in months)                     
          19    time_months_c6                 Num       8    6-categories time to death or censoring in months          
          11    urban                          Num       8    Urban area of residence                                    
           2    wealth_index                   Num       3    Wealth index                                               
          32    wealth_index_c3                Num       8    Household wealth index (3 categories)                      
           8    weight                         Num       8    Sampling weight                                            
           9    womenid                        Char     15    Women id                                                   
          15    yob                            Num       8    Child's year of birth                                      


                                                          Sort Information

                                                       Sortedby       womenid
                                                       Validated      YES    
                                                       Character Set  ANSI   
                                                 Number of women ids in the dataset                10:33 Sunday, August 24, 2025   3

                                                                     n
                                                              ƒƒƒƒƒƒƒƒ
                                                                  9896
